Flow report for Main
Fri Sep 18 17:26:00 2026
Quartus II 64-Bit Version 13.1.0 Build 162 10/23/2013 SJ Web Edition


---------------------
; Table of Contents ;
---------------------
  1. Legal Notice
  2. Flow Summary
  3. Flow Settings
  4. Flow Non-Default Global Settings
  5. Flow Elapsed Time
  6. Flow OS Summary
  7. Flow Log
  8. Flow Messages
  9. Flow Suppressed Messages



----------------
; Legal Notice ;
----------------
Copyright (C) 1991-2013 Altera Corporation
Your use of Altera Corporation's design tools, logic functions 
and other software and tools, and its AMPP partner logic 
functions, and any output files from any of the foregoing 
(including device programming or simulation files), and any 
associated documentation or information are expressly subject 
to the terms and conditions of the Altera Program License 
Subscription Agreement, Altera MegaCore Function License 
Agreement, or other applicable license agreement, including, 
without limitation, that your use is for the sole purpose of 
programming logic devices manufactured by Altera and sold by 
Altera or its authorized distributors.  Please refer to the 
applicable agreement for further details.



+---------------------------------------------------------------------------------+
; Flow Summary                                                                    ;
+------------------------------------+--------------------------------------------+
; Flow Status                        ; Successful - Fri Sep 18 17:26:00 2026      ;
; Quartus II 64-Bit Version          ; 13.1.0 Build 162 10/23/2013 SJ Web Edition ;
; Revision Name                      ; Main                                       ;
; Top-level Entity Name              ; Testiranje                                 ;
; Family                             ; Cyclone III                                ;
; Device                             ; EP3C16F484C6                               ;
; Timing Models                      ; Final                                      ;
; Total logic elements               ; 3,520 / 15,408 ( 23 % )                    ;
;     Total combinational functions  ; 2,921 / 15,408 ( 19 % )                    ;
;     Dedicated logic registers      ; 1,802 / 15,408 ( 12 % )                    ;
; Total registers                    ; 1802                                       ;
; Total pins                         ; 67 / 347 ( 19 % )                          ;
; Total virtual pins                 ; 0                                          ;
; Total memory bits                  ; 265,216 / 516,096 ( 51 % )                 ;
; Embedded Multiplier 9-bit elements ; 0 / 112 ( 0 % )                            ;
; Total PLLs                         ; 0 / 4 ( 0 % )                              ;
+------------------------------------+--------------------------------------------+


+-----------------------------------------+
; Flow Settings                           ;
+-------------------+---------------------+
; Option            ; Setting             ;
+-------------------+---------------------+
; Start date & time ; 09/18/2026 17:24:44 ;
; Main task         ; Compilation         ;
; Revision Name     ; Main                ;
+-------------------+---------------------+


+----------------------------------------------------------------------------------------------------------------------------------------------------------+
; Flow Non-Default Global Settings                                                                                                                         ;
+-------------------------------------+---------------------------------------------------------------------+---------------+-------------+----------------+
; Assignment Name                     ; Value                                                               ; Default Value ; Entity Name ; Section Id     ;
+-------------------------------------+---------------------------------------------------------------------+---------------+-------------+----------------+
; COMPILER_SIGNATURE_ID               ; 30902509835915.178974508413240                                      ; --            ; --          ; --             ;
; EDA_OUTPUT_DATA_FORMAT              ; Vhdl                                                                ; --            ; --          ; eda_simulation ;
; EDA_SIMULATION_TOOL                 ; ModelSim-Altera (VHDL)                                              ; <None>        ; --          ; --             ;
; MAX_CORE_JUNCTION_TEMP              ; 85                                                                  ; --            ; --          ; --             ;
; MIN_CORE_JUNCTION_TEMP              ; 0                                                                   ; --            ; --          ; --             ;
; NOMINAL_CORE_SUPPLY_VOLTAGE         ; 1.2V                                                                ; --            ; --          ; --             ;
; PARTITION_COLOR                     ; 16764057                                                            ; --            ; Testiranje  ; Top            ;
; PARTITION_FITTER_PRESERVATION_LEVEL ; PLACEMENT_AND_ROUTING                                               ; --            ; Testiranje  ; Top            ;
; PARTITION_NETLIST_TYPE              ; SOURCE                                                              ; --            ; Testiranje  ; Top            ;
; POWER_BOARD_THERMAL_MODEL           ; None (CONSERVATIVE)                                                 ; --            ; --          ; --             ;
; POWER_PRESET_COOLING_SOLUTION       ; 23 MM HEAT SINK WITH 200 LFPM AIRFLOW                               ; --            ; --          ; --             ;
; PROJECT_OUTPUT_DIRECTORY            ; output_files                                                        ; --            ; --          ; --             ;
; SEARCH_PATH                         ; c:\users\ld240494d\desktop\ar-project-tetris\quartus\main\bdf_files ; --            ; --          ; --             ;
; TOP_LEVEL_ENTITY                    ; Testiranje                                                          ; Main          ; --          ; --             ;
+-------------------------------------+---------------------------------------------------------------------+---------------+-------------+----------------+


+-------------------------------------------------------------------------------------------------------------------------------+
; Flow Elapsed Time                                                                                                             ;
+---------------------------+--------------+-------------------------+---------------------+------------------------------------+
; Module Name               ; Elapsed Time ; Average Processors Used ; Peak Virtual Memory ; Total CPU Time (on all processors) ;
+---------------------------+--------------+-------------------------+---------------------+------------------------------------+
; Analysis & Synthesis      ; 00:00:17     ; 1.0                     ; 4718 MB             ; 00:00:17                           ;
; Fitter                    ; 00:00:38     ; 1.0                     ; 5020 MB             ; 00:00:38                           ;
; Assembler                 ; 00:00:02     ; 1.0                     ; 4595 MB             ; 00:00:02                           ;
; TimeQuest Timing Analyzer ; 00:00:06     ; 1.0                     ; 4663 MB             ; 00:00:06                           ;
; EDA Netlist Writer        ; 00:00:05     ; 1.0                     ; 4587 MB             ; 00:00:05                           ;
; Total                     ; 00:01:08     ; --                      ; --                  ; 00:01:08                           ;
+---------------------------+--------------+-------------------------+---------------------+------------------------------------+


+----------------------------------------------------------------------------------------+
; Flow OS Summary                                                                        ;
+---------------------------+------------------+-----------+------------+----------------+
; Module Name               ; Machine Hostname ; OS Name   ; OS Version ; Processor type ;
+---------------------------+------------------+-----------+------------+----------------+
; Analysis & Synthesis      ; RCA08            ; Windows 7 ; 6.2        ; x86_64         ;
; Fitter                    ; RCA08            ; Windows 7 ; 6.2        ; x86_64         ;
; Assembler                 ; RCA08            ; Windows 7 ; 6.2        ; x86_64         ;
; TimeQuest Timing Analyzer ; RCA08            ; Windows 7 ; 6.2        ; x86_64         ;
; EDA Netlist Writer        ; RCA08            ; Windows 7 ; 6.2        ; x86_64         ;
+---------------------------+------------------+-----------+------------+----------------+


------------
; Flow Log ;
------------
quartus_map --read_settings_files=on --write_settings_files=off Main -c Main
quartus_fit --read_settings_files=off --write_settings_files=off Main -c Main
quartus_asm --read_settings_files=off --write_settings_files=off Main -c Main
quartus_sta Main -c Main
quartus_eda --read_settings_files=off --write_settings_files=off Main -c Main



